Vercel CLI 54.14.5 (Node.js 24.18.0)
Retrieving project…
> Overwriting existing .env.vercel-prod file
> Downloading `production` environment variables for madmonaadmin-1699s-projects/madmona
Downloading

  Changes:
  + VERCEL_OIDC_TOKEN (Updated)
  + ADMIN_PHONES
  + CALL_VERIFY_SECRET
  + CLOUDFLARE_TURN_API_TOKEN
  + CLOUDFLARE_TURN_KEY_ID
  + EDGE_GATEWAY_SECRET
  + GROQ_API_KEY
  + MARID_REPLY_ONLY
  + OPENWA_API_KEY
  + OPENWA_URL
  + OWNER_PHONE
  + PROJECTS_API_SECRET
  + REVALIDATE_SECRET
  + WA_SERVICE_SECRET
  + WA_SERVICE_URL
  + WA_WEB_SERVICE_URL


✓ Updated         .env.vercel-prod file
