
═══ جروبات متابعة الموردين ═══

  موردين معتمدين  : 146
  عندهم جروب      : 40
  كل التصنيفات      : 50
  في الدفعة دي    : 50

   +201060367007    بيرفكت ليمو  (8 إعلان)
   +201206134041    Fast track rent car  (3 إعلان)
   +201143098889    خالد رؤوف  (2 إعلان)
   01050342011      مطعم اكلة  (1 إعلان)
   01065213388      قصر المندي  (1 إعلان)
   01027782220      Abo Shady 🌯 كريب وجريل  (1 إعلان)
   01067122107      مطعم رقاق المدق  (1 إعلان)
   201288800022     بيت لحم Beet Lahm  (1 إعلان)
   201107302355     ميزووو للمأكولات البحرية  (1 إعلان)
   201158870949     مطاعم شعبان  (1 إعلان)
   201094024985     Sushi Spot  (1 إعلان)
   201006666430     مطعم السدة Alsaddah  (1 إعلان)
   201144653937     سوق السمك  (1 إعلان)
   201140100666     مطعم خيرية Khairia  (1 إعلان)
   01020396868      أسماك الصياد  (1 إعلان)
   201010727188     سرايا العمدة  (1 إعلان)
   201008888329     خليها مشاوي التجمع  (1 إعلان)
   201118499000     مطعم قدرة  (1 إعلان)
   201001040200     Ratios Bakery  (1 إعلان)
   201098498222     أبو عبده الكبابجي  (1 إعلان)
   201099919144     كبدةومخ الشرقاوي ألماظة  (1 إعلان)
   201070733127     مطعم وكافيه مشوي ومندي  (1 إعلان)
   +201018903084    هبه محمد المصري  (1 إعلان)
   +201125397707    محمد مصباح احمد مسعود   (1 إعلان)
   01125312531      أسماك الصياد  (1 إعلان)
   +201225360000    سيتي مارت — City Mart  (1 إعلان)
   +201016175131    Ahmec  (1 إعلان)
   +201020306575    Elite Beauty Salon & Spa  (1 إعلان)
   +201066572408    شريف مشرف  (1 إعلان)
   201020116617     مطعم سلطان سراي Sultan Saray  (1 إعلان)
   201094127617     سناب جريل Snap Grill  (0 إعلان)
   201097435010     مطعم الأكابر — كبابجي الأكابر  (0 إعلان)
   201016025478     سلسلة مطاعم دنيا الجمبري  (0 إعلان)
   +201032680389    عمر عبد الغني احمد  (0 إعلان)
   +201050448253    ياسر محى الدين شعبان راشد  (0 إعلان)
   +201026068340    سياره خاصه  (0 إعلان)
   +201123133424    شاليه بورتو شرم للايجار  (0 إعلان)
   +201111215854    شاليه 70 متر مكيف بالكامل  (0 إعلان)
   +201557254915    معتز داود  (0 إعلان)
   +201090010049    محمود محمد  (0 إعلان)
   +201061752527    Hossam  (0 إعلان)
   +201011811082    Mazen Auto  (0 إعلان)
   +201145539303    شروق محمد محمد  (0 إعلان)
   201014641563     علاء الدين إبراهيم  (0 إعلان)
   +201272843079    سام وليم  (0 إعلان)
   +201110395817    hassan anen  (0 إعلان)
   +201224434414    مني  (0 إعلان)
   201030426920     فايكينج برجر Viking Burger  (0 إعلان)
   201044443075     طيبة جورميه Tayba Gourmet  (0 إعلان)
   201090440077     مستر بيكر Mr Baker  (0 إعلان)

─── جاري الإنشاء ───

  ✅ مضمونة × بيرفكت ليمو
     … استنى 107ث
  ✅ مضمونة × Fast track rent car
     … استنى 99ث
