
🔍 بندوّر على صور البروفايل لـ21 مورّد…
   لقينا 6 صورة


═══ لوجوهات الجروبات ═══

  جروبات        : 50
  عندهم لوجو    : 35
  من غير لوجو   : 15
  جاهز للتطبيق  : 6

   ✓ مضمونة × قصر المندي
   ✓ مضمونة × Abo Shady 🌯 كريب وجريل
   ✓ مضمونة × عقارات مارينا جاردنز
   ✓ مضمونة × United Real Estate Developments
   ✓ مضمونة × El Hewey
   ✓ مضمونة × عادل إبراهيم — استشارات عقارية

  ⚠️ 15 جروب من غير لوجو — لازم نجمّعهم الأول.
  ✅ مضمونة × قصر المندي
  ✅ مضمونة × Abo Shady 🌯 كريب وجريل
  ✅ مضمونة × عقارات مارينا جاردنز
  ✅ مضمونة × United Real Estate Developments
  ✅ مضمونة × El Hewey
  ✅ مضمونة × عادل إبراهيم — استشارات عقارية

═══ خلص: 6 لوجو · 0 فشل ═══

