
🔍 بندوّر على صور البروفايل لـ49 مورّد…
   لقينا 34 صورة


═══ لوجوهات الجروبات ═══

  جروبات        : 50
  عندهم لوجو    : 35
  من غير لوجو   : 15
  جاهز للتطبيق  : 34

   ✓ مضمونة × eslam khairy
   ✓ مضمونة × Leo Btcegypt
   ✓ مضمونة × Samco Holding
   ✓ مضمونة × NJD Developments
   ✓ مضمونة × Kulture Developments
   ✓ مضمونة × Abdo Taha
   ✓ مضمونة × NOLL Developments
   ✓ مضمونة × محمد طاهر 
   ✓ مضمونة × Ahmed khattab
   ✓ مضمونة × Mary Gamil
   ✓ مضمونة × Sherin Mohamed Hassan Farghaly
   ✓ مضمونة × خالد حسن
   ✓ مضمونة × Sherin mohmed hassan farghly
   ✓ مضمونة × عباس سليمان حرحش
   ✓ مضمونة × Heba Shawky
   ✓ مضمونة × عقارات العاصمة الإدارية
   ✓ مضمونة × Ahmed Sabbour
   ✓ مضمونة × Mahmoud Abdelaziz
   ✓ مضمونة × Mahmoud Abdelaziz
   ✓ مضمونة × nour
   ✓ مضمونة × Raneem Khalifa
   ✓ مضمونة × nour
   ✓ مضمونة × Enas Ghonem
   ✓ مضمونة × بيرفكت ليمو
   ✓ مضمونة × Fast track rent car
   ✓ مضمونة × Raneem Khalifa
   ✓ مضمونة × خالد رؤوف
   ✓ مضمونة × مطعم اكلة
   ✓ مضمونة × قصر المندي
   ✓ مضمونة × Abo Shady 🌯 كريب وجريل
   ✓ مضمونة × عقارات مارينا جاردنز
   ✓ مضمونة × United Real Estate Developments
   ✓ مضمونة × El Hewey
   ✓ مضمونة × عادل إبراهيم — استشارات عقارية

  ⚠️ 15 جروب من غير لوجو — لازم نجمّعهم الأول.
  ✅ مضمونة × eslam khairy
  ✅ مضمونة × Leo Btcegypt
  ✅ مضمونة × Samco Holding
  ✅ مضمونة × NJD Developments
  ✅ مضمونة × Kulture Developments
  ✅ مضمونة × Abdo Taha
  ✅ مضمونة × NOLL Developments
  ✅ مضمونة × محمد طاهر 
  ✅ مضمونة × Ahmed khattab
  ✅ مضمونة × Mary Gamil
  ✅ مضمونة × Sherin Mohamed Hassan Farghaly
  ✅ مضمونة × خالد حسن
  ✅ مضمونة × Sherin mohmed hassan farghly
  ✅ مضمونة × عباس سليمان حرحش
  ✅ مضمونة × Heba Shawky
  ✅ مضمونة × عقارات العاصمة الإدارية
  ✅ مضمونة × Ahmed Sabbour
  ✅ مضمونة × Mahmoud Abdelaziz
  ✅ مضمونة × Mahmoud Abdelaziz
  ✅ مضمونة × nour
  ✅ مضمونة × Raneem Khalifa
  ✅ مضمونة × nour
  ✅ مضمونة × Enas Ghonem
  ✅ مضمونة × بيرفكت ليمو
  ✅ مضمونة × Fast track rent car
  ✅ مضمونة × Raneem Khalifa
  ✅ مضمونة × خالد رؤوف
  ✅ مضمونة × مطعم اكلة
  🔴 مضمونة × قصر المندي  fetch failed
  🔴 مضمونة × Abo Shady 🌯 كريب وجريل  fetch failed
  🔴 مضمونة × عقارات مارينا جاردنز  fetch failed
  🔴 مضمونة × United Real Estate Developments  fetch failed
  🔴 مضمونة × El Hewey  fetch failed
  🔴 مضمونة × عادل إبراهيم — استشارات عقارية  fetch failed

═══ خلص: 28 لوجو · 6 فشل ═══

