
🔍 بندوّر على صور البروفايل لـ15 مورّد…
   لقينا 0 صورة

🖼️  12 صورة من الإعلانات


═══ لوجوهات الجروبات ═══

  جروبات        : 50
  عندهم لوجو    : 47
  من غير لوجو   : 3
  جاهز للتطبيق  : 12

   ✓ مضمونة × Monlly eman
   ✓ مضمونة × Upwyde Developments
   ✓ مضمونة × عمر
   ✓ مضمونة × New Plan Development
   ✓ مضمونة × سحرالعمري
   ✓ مضمونة × غاده عكاشه 
   ✓ مضمونة × Eb Sadek
   ✓ مضمونة × AmR
   ✓ مضمونة × Ahelh Elalfy
   ✓ مضمونة × Ramy Hana
   ✓ مضمونة × Nancy — بورتو جولف
   ✓ مضمونة × Maged Aboelwafa

  ⚠️ 3 جروب من غير لوجو — لازم نجمّعهم الأول.
  ✅ مضمونة × Monlly eman
  ✅ مضمونة × Upwyde Developments
  ✅ مضمونة × عمر
  ✅ مضمونة × New Plan Development
  ✅ مضمونة × سحرالعمري
  ✅ مضمونة × غاده عكاشه 
  ✅ مضمونة × Eb Sadek
  ✅ مضمونة × AmR
  ✅ مضمونة × Ahelh Elalfy
  ✅ مضمونة × Ramy Hana
  ✅ مضمونة × Nancy — بورتو جولف
  ✅ مضمونة × Maged Aboelwafa

═══ خلص: 12 لوجو · 0 فشل ═══

