villas-for-sale/north-coast/ -> 46
for-sale/north-coast/?page=2 -> 91
for-sale/north-coast/?page=3 -> 137
for-sale/north-coast/?page=4 -> 182
-homes-for-sale/north-coast/ -> 228
for-sale/north-coast/?page=2 -> 272
CANDIDATES=62 / 272
skip: Egypt Best Properties (EBP
skip: Property Hills One
✅ Mounir Elzahid | 01222100199 | 72.0M
✅ Lena | 01223662267 | 26.0M
skip: اونيكس
✅ Bin Baz | 01093227227 | 30.0M
skip: Egypt Best Properties (EBP
skip: Egypt Best Properties (EBP
skip: Egypt Best Properties (EBP
✅ Abrag One | 01150938507 | 25.0M
skip: ?
skip: Egypt Best Properties (EBP
skip: Coldwell Banker Analista
skip: Egypt Best Properties (EBP
skip: Egypt Best Properties (EBP
skip: ايه بلاس
skip: Strive realty
skip: Egypt Best Properties (EBP
skip: Egypt Best Properties (EBP
skip: Egypt Best Properties (EBP
skip: Egypt Best Properties (EBP
skip: Coldwell Banker Analista
skip: Triple S for Real Estate
skip: Egypt Best Properties (EBP
ad ERR net::ERR_INSUFFICIENT_RESOURCES at https
✅ Abrag Four | 01035505517 | 33.5M
skip: Egypt Best Properties (EBP
skip: ايه بلاس
✅ Abd El Rahman Abo Zaid | 01061941007 | 35.0M
skip: Egypt Best Properties (EBP
skip: Egypt Best Properties (EBP
✅ Future Villa | 01149366992 | 40.0M
✅ Future Villa | 01149366992 | 45.0M
skip: Apart Investment
✅ Future Villa | 01111150196 | 33.0M
skip: Y The Brokers
skip: Egypt Best Properties (EBP
skip: Egypt Best Properties (EBP
skip: Egypt Best Properties (EBP
skip: Egypt Best Properties (EBP
skip: Egypt Best Properties (EBP
skip: ايه بلاس
skip: Egypt Best Properties (EBP
skip: Superior LLC renovation home & property management
skip: Y The Brokers
✅ Smart assets | 01014755855 | 26.0M
skip: Egypt Best Properties (EBP
skip: Red Real Estate
skip: Apart Investment
✅ Abrag One | 01111433399 | 48.6M
ad ERR TO
skip: Concept Real Estate
skip: Concept Real Estate
skip: Egypt Best Properties (EBP
skip: Egypt Best Properties (EBP
skip: Next Door Consultancy
skip: Next Door Consultancy
skip: Property Hills
skip: Coldwell Banker Analista
✅ Core living - Mountain View | 01069052145 | 25.0M
skip: Concept Real Estate
skip: Concept Real Estate
DONE leads=12
