فيلا الساحل p1 +17 (tot 17)
فيلا الساحل p2 +8 (tot 25)
فيلا الساحل p3 +17 (tot 42)
فيلا الساحل p4 +17 (tot 59)
فيلا الساحل p5 +19 (tot 78)
فيلا الساحل p6 +17 (tot 95)
فيلا الساحل p7 +18 (tot 113)
فيلا الساحل p8 +16 (tot 129)
فيلا الساحل p9 +25 (tot 154)
فيلا الساحل p10 +19 (tot 173)
شاليه الساحل p1 +7 (tot 180)
شاليه الساحل p2 +6 (tot 186)
شاليه الساحل p3 +4 (tot 190)
شاليه الساحل p4 +8 (tot 198)
شاليه الساحل p5 +8 (tot 206)
شاليه الساحل p6 +4 (tot 210)
فيلا القاهرة p1 +3 (tot 213)
فيلا القاهرة p2 +9 (tot 222)
فيلا القاهرة p3 +9 (tot 231)
فيلا القاهرة p4 +6 (tot 237)
فيلا القاهرة p5 +6 (tot 243)
فيلا الجيزة p1 +2 (tot 245)
فيلا الجيزة p2 +7 (tot 252)
فيلا الجيزة p3 +2 (tot 254)
فيلا الجيزة p4 +4 (tot 258)
يخت/مركب p1 +0 (tot 258)
يخت/مركب p2 +0 (tot 258)
يخت/مركب p3 +0 (tot 258)
=== CANDIDATES=258 ===
✗ Egypt Best Properties (EBP (biz-name)
✗ Property Hills One (biz-name)
✅ Mounir Elzahid | 01222100199 | 72.0M | ads=1 | فيلا الساحل
✅ Lena | 01223662267 | 26.0M | ads=1 | فيلا الساحل
✗ اونيكس (biz-name)
✅ Bin Baz | 01093227227 | 30.0M | ads=3 | فيلا الساحل
✗ Egypt Best Properties (EBP (biz-name)
✗ Egypt Best Properties (EBP (biz-name)
✗ Egypt Best Properties (EBP (biz-name)
✗ Egypt Best Properties (EBP (biz-name)
✗ Egypt Best Properties (EBP (biz-name)
✗ Abrag One (biz-name)
ERR TO
✗ Egypt Best Properties (EBP (biz-name)
✗ Egypt Best Properties (EBP (biz-name)
✗ Abrag Two (biz-name)
✗ Coldwell Banker (biz-name)
✗ Egypt Best Properties (EBP (biz-name)
✗ Coldwell Banker Analista (biz-name)
✗ Egypt Best Properties (EBP (biz-name)
✗ Egypt Best Properties (EBP (biz-name)
✗ ايه بلاس (biz-name)
✗ Strive realty (biz-name)
✗ Abrag One (biz-name)
✗ Hodoud for Real Estate (biz-name)
✗ Egypt Best Properties (EBP (biz-name)
✗ ايه بلاس (biz-name)
✗ Egypt Best Properties (EBP (biz-name)
✗ Egypt Best Properties (EBP (biz-name)
✗ Future Villa (ads=38)
✗ Future Villa (ads=38)
✗ Apart Investment (biz-name)
ERR TO
ERR TO
✗ Egypt Best Properties (EBP (biz-name)
✗ Egypt Best Properties (EBP (biz-name)
ERR TO
ERR TO
✗ Coldwell Banker Analista (biz-name)
✗ Triple S for Real Estate (biz-name)
✗ Egypt Best Properties (EBP (biz-name)
✗ Egypt Best Properties (EBP (biz-name)
✗ Abd El Rahman Abo Zaid (ads=19)
ERR TO
ERR TO
ERR TO
✗ Smart assets (biz-name)
✗ Egypt Best Properties (EBP (biz-name)
✗ Red Real Estate (biz-name)
✗ Apart Investment (biz-name)
ERR TO
ERR TO
ERR TO
✗ Concept Real Estate (biz-name)
✗ Egypt Best Properties (EBP (biz-name)
✗ Egypt Best Properties (EBP (biz-name)
ERR TO
ERR TO
ERR TO
ERR TO
✗ Ahmed Ali Elsayed (ads=151)
✗ Abd El Rahman Abo Zaid (ads=19)
✗ Abd El Rahman Abo Zaid (ads=19)
✗ Abd El Rahman Abo Zaid (ads=19)
✗ Abd El Rahman Abo Zaid (ads=19)
ERR TO
ERR TO
ERR TO
ERR TO
ERR TO
ERR TO
ERR TO
✗ Egypt Best Properties (EBP (biz-name)
✗ Next Door Consultancy (biz-name)
✗ Next Door Consultancy (biz-name)
✗ Property Hills (biz-name)
ERR TO
ERR TO
ERR TO
ERR TO
✗ Egypt Best Properties (EBP (biz-name)
✗ Quality Holding (biz-name)
✗ Samy Mahmoud (ads=11)
ERR TO
ERR TO
ERR TO
ERR TO
ERR TO
ERR TO
ERR TO
ERR TO
ERR TO
ERR TO
ERR TO
✗ Abrag One (biz-name)
ERR TO
ERR TO
ERR TO
✗ a-one real estate (biz-name)
ERR TO
ERR TO
✗ Egypt Best Properties (EBP (biz-name)
ERR TO
ERR TO
✗ Kayan Real Estate Consulting (biz-name)
ERR TO
ERR TO
ERR TO
✗ Core living - Mountain View (ads=705)
✗ ايه بلاس (biz-name)
ERR TO
ERR TO
✗ Wafaa Ibrahim (ads=7)
✗ ايه بلاس (biz-name)
✗ Egypt Best Properties (EBP (biz-name)
ERR TO
ERR TO
ERR TO
ERR TO
ERR TO
✗ Egypt Best Properties (EBP (biz-name)
ERR TO
ERR TO
✗ Egypt Best Properties (EBP (biz-name)
ERR TO
ERR TO
ERR TO
ERR TO
ERR TO
ERR TO
ERR TO
ERR TO
ERR TO
ERR TO
ERR TO
ERR TO
ERR TO
ERR TO
ERR TO
ERR TO
ERR TO
ERR TO
ERR TO
ERR TO
ERR TO
ERR TO
ERR TO
ERR TO
ERR TO
ERR net::ERR_ABORTED at https://ww
✗ First Move (ads=188)
✗ Property Hills One (biz-name)
✗ Egypt Best Properties (EBP (biz-name)
✗ Egypt Best Properties (EBP (biz-name)
✗ Abd El Rahman Abo Zaid (ads=19)
✗ Real pals (ads=41)
✗ ايه بلاس (biz-name)
✗ ايه بلاس (biz-name)
✗ ايه بلاس (biz-name)
✗ ايه بلاس (biz-name)
✗ Apart Investment (biz-name)
✗ Apart Investment (biz-name)
✗ Future Villa (ads=38)
✗ Apart Investment (biz-name)
✗ Egypt Best Properties (EBP (biz-name)
✅ Seif | 01006115795 | 39.0M | ads=1 | فيلا الساحل
✗ Egypt Best Properties (EBP (biz-name)
✗ Egypt Best Properties (EBP (biz-name)
✗ Egypt Best Properties (EBP (biz-name)
✗ Egypt Best Properties (EBP (biz-name)
✗ Egypt Best Properties (EBP (biz-name)
✗ Egypt Best Properties (EBP (biz-name)
✗ Egypt Best Properties (EBP (biz-name)
✗ Concept Real Estate (biz-name)
✗ Egypt Best Properties (EBP (biz-name)
✗ Egypt Best Properties (EBP (biz-name)
✗ Cold Well Banker New Homes: Ola (biz-name)
✗ Real pals (ads=33)
✗ Coldwell Banker Analista (biz-name)
✗ Roots (ads=269)
✗ Reec home (biz-name)
✗ Concept Real Estate (biz-name)
✗ Egypt Best Properties (EBP (biz-name)
✗ Property Hills (biz-name)
✗ Egypt Best Properties (EBP (biz-name)
✗ Egypt Best Properties (EBP (biz-name)
✗ Egypt Best Properties (EBP (biz-name)
✗ Egypt Best Properties (EBP (biz-name)
✗ Egypt Best Properties (EBP (biz-name)
✗ Egypt Best Properties (EBP (biz-name)
✗ Abrag Four (biz-name)
✗ Property Hills One (biz-name)
✗ Property Hills One (biz-name)
✗ Egypt Best Properties (EBP (biz-name)
✗ Egypt Best Properties (EBP (biz-name)
✗ Next nest (ads=15)
✗ Egypt Best Properties (EBP (biz-name)
✗ Egypt Best Properties (EBP (biz-name)
✅ Abdallah Hamed | 01201313070 | 27.5M | ads=3 | شاليه الساحل
✗ Coldwell Banker Analista (biz-name)
✗ Coldwell Banker Analista (biz-name)
✗ Egypt Best Properties (EBP (biz-name)
✗ Egypt Best Properties (EBP (biz-name)
✗ Property Hills VIP (biz-name)
✗ Global holding (biz-name)
✗ Egypt Best Properties (EBP (biz-name)
✗ Abd El Rahman Abo Zaid (ads=19)
✗ Abd El Rahman Abo Zaid (ads=19)
✗ Abd El Rahman Abo Zaid (ads=19)
✗ ايه بلاس (biz-name)
✗ العالميه للعقارات (biz-name)
✗ Coldwell Banker Analista (biz-name)
✗ Heritage Property (biz-name)
✗ Property Hills One (biz-name)
✗ العالميه للعقارات (biz-name)
✗ EL Gammal (ads=18)
✗ Egypt Best Properties (EBP (biz-name)
✗ Baitak (ads=11)
✗ Mostafa Hamdon (ads=471)
✗ Heritage Property (biz-name)
✗ i zone (ads=351)
✗ ENJAZ REAL ESTATE (biz-name)
✗ Property Hills One (biz-name)
✗ Modern Home (biz-name)
✅ GH Elite | 01099588527 | 100.0M | ads=2 | فيلا القاهرة
✅ GH Elite | 01099588527 | 95.0M | ads=2 | فيلا القاهرة
✗ العالميه للعقارات (biz-name)
✗ Future Group Real-estate (biz-name)
✗ العالميه للعقارات (biz-name)
✗ Future Group Real-estate (biz-name)
✗ يو ار اي (ads=226)
✗ NCH (ads=382)
ERR TO
✗ Kayan Real Estate Consulting (biz-name)
✗ Mostafa Hamdon (ads=471)
ERR TO
✗ Prime Residence (ads=13)
✅ Abdallah Hamed | 01201313070 | 50.5M | ads=3 | فيلا القاهرة
ERR TO
✗ Coldwell Banker Analista (biz-name)
✗ Coldwell Banker Analista (biz-name)
✗ Coldwell Banker Analista (biz-name)
✅ User 8He7Mm | 01551298809 | 62.0M | ads=1 | فيلا الجيزة
ERR TO
✗ Inn properties (biz-name)
✅ Hajar | 01156469416 | 34.0M | ads=1 | فيلا الجيزة
ERR TO
✗ NP Real Estate (biz-name)
ERR TO
✗ دريفن للعقارات (biz-name)
✗ Dalia Youssef (ads=77)
✗ Western House (ads=66)
✗ Property Hills (biz-name)
✗ Property Hills (biz-name)
✗ sidra properties (biz-name)
✗ Property Hills (biz-name)
DONE leads=10 rejected=158
