--- new tab (done 0/317, leads 0) ---
✗ Abrag Four (biz-name)
✗ Egypt Best Properties (EBP (biz-name)
✗ Egypt Best Properties (EBP (biz-name)
✗ Property Hills One (biz-name)
✅ Mounir Elzahid | 01222100199 | 72.0M | ads=1
✅ Lena | 01223662267 | 26.0M | ads=1
✗ اونيكس (biz-name)
✅ Bin Baz | 01093227227 | 30.0M | ads=3
✗ Egypt Best Properties (EBP (biz-name)
✗ Egypt Best Properties (EBP (biz-name)
--- new tab (done 10/317, leads 3) ---
✗ Egypt Best Properties (EBP (biz-name)
✗ Egypt Best Properties (EBP (biz-name)
✗ Egypt Best Properties (EBP (biz-name)
✗ Abrag One (biz-name)
✗ Cold Well Banker New Homes: Ola (biz-name)
✗ Egypt Best Properties (EBP (biz-name)
✗ Egypt Best Properties (EBP (biz-name)
✗ Egypt Best Properties (EBP (biz-name)
✗ Coldwell Banker Analista (biz-name)
✗ Egypt Best Properties (EBP (biz-name)
--- new tab (done 20/317, leads 3) ---
✗ Egypt Best Properties (EBP (biz-name)
✗ ايه بلاس (biz-name)
✗ Abrag Two (biz-name)
✗ Coldwell Banker (biz-name)
✗ Abrag One (biz-name)
✗ Hodoud for Real Estate (biz-name)
✗ Egypt Best Properties (EBP (biz-name)
✗ ايه بلاس (biz-name)
✗ Strive realty (biz-name)
✗ Egypt Best Properties (EBP (biz-name)
--- new tab (done 30/317, leads 3) ---
✗ Egypt Best Properties (EBP (biz-name)
✗ Future Villa (biz-name)
✗ Future Villa (biz-name)
✗ Apart Investment (biz-name)
✗ Future Villa (biz-name)
✗ Egypt Best Properties (EBP (biz-name)
✗ Egypt Best Properties (EBP (biz-name)
✗ Egypt Best Properties (EBP (biz-name)
✗ Egypt Best Properties (EBP (biz-name)
✗ Coldwell Banker Analista (biz-name)
--- new tab (done 40/317, leads 3) ---
✗ Triple S for Real Estate (biz-name)
✗ Abd El Rahman Abo Zaid (ads=19)
✗ ايه بلاس (biz-name)
✗ Egypt Best Properties (EBP (biz-name)
✗ Y The Brokers (biz-name)
✗ Y The Brokers (biz-name)
✗ Smart assets (biz-name)
✗ Egypt Best Properties (EBP (biz-name)
✗ Red Real Estate (biz-name)
✗ Apart Investment (biz-name)
--- new tab (done 50/317, leads 3) ---
✗ Abrag One (biz-name)
✗ EM Properties (biz-name)
✗ Concept Real Estate (biz-name)
✗ Egypt Best Properties (EBP (biz-name)
✗ Egypt Best Properties (EBP (biz-name)
✗ Egypt Best Properties (EBP (biz-name)
ERR TO
✗ Egypt Best Properties (EBP (biz-name)
✗ Egypt Best Properties (EBP (biz-name)
✗ Superior LLC renovation home & property management (biz-name)
--- new tab (done 60/317, leads 3) ---
✗ Ahmed Ali Elsayed (ads=151)
✗ Abd El Rahman Abo Zaid (ads=19)
✗ Abd El Rahman Abo Zaid (ads=19)
✗ Abd El Rahman Abo Zaid (ads=19)
✗ Abd El Rahman Abo Zaid (ads=19)
✗ Abd El Rahman Abo Zaid (ads=19)
✗ Abd El Rahman Abo Zaid (ads=19)
✗ Concept Real Estate (biz-name)
✗ Egypt Best Properties (EBP (biz-name)
✗ trends real estate (biz-name)
--- new tab (done 70/317, leads 3) ---
✗ Better Estate (biz-name)
✗ Egypt Best Properties (EBP (biz-name)
✗ Egypt Best Properties (EBP (biz-name)
✗ Egypt Best Properties (EBP (biz-name)
✗ Next Door Consultancy (biz-name)
✗ Next Door Consultancy (biz-name)
✗ Property Hills (biz-name)
✗ Abd El Rahman Abo Zaid (ads=19)
✗ Cold Well Banker New Homes: Ola (biz-name)
✗ Future Villa (biz-name)
--- new tab (done 80/317, leads 3) ---
✗ Egypt Best Properties (EBP (biz-name)
✗ Quality Holding (biz-name)
✗ Samy Mahmoud (ads=11)
✗ Coldwell Banker (biz-name)
✗ Y The Brokers (biz-name)
✗ Egypt Best Properties (EBP (biz-name)
✗ Future Villa (biz-name)
✗ Coldwell Banker Analista (biz-name)
✗ Core living - Mountain View (ads=705)
✗ Next Door Consultancy (biz-name)
--- new tab (done 90/317, leads 3) ---
✗ Egypt Best Properties (EBP (biz-name)
✗ Strive realty (biz-name)
✗ Strive realty (biz-name)
✗ Strive realty (biz-name)
✗ Strive realty (biz-name)
✗ Egypt Best Properties (EBP (biz-name)
✗ Egypt Best Properties (EBP (biz-name)
✗ Abd El Rahman Abo Zaid (ads=19)
✗ Abd El Rahman Abo Zaid (ads=19)
✗ a-one real estate (biz-name)
--- new tab (done 100/317, leads 3) ---
✗ Royal Eagle Investments (biz-name)
✗ Egypt Best Properties (EBP (biz-name)
✗ Egypt Best Properties (EBP (biz-name)
✗ Egypt Best Properties (EBP (biz-name)
✗ Apart Investment (biz-name)
✗ Kayan Real Estate Consulting (biz-name)
✗ Abrag One (biz-name)
✗ Abrag Three (biz-name)
✗ Abrag One (biz-name)
✗ Core living - Mountain View (ads=705)
--- new tab (done 110/317, leads 3) ---
✗ ايه بلاس (biz-name)
✗ ايه بلاس (biz-name)
✗ ايه بلاس (biz-name)
✗ Egypt Best Properties (EBP (biz-name)
✗ ايه بلاس (biz-name)
✗ Egypt Best Properties (EBP (biz-name)
✗ Floorable (ads=19)
✗ Apart Investment (biz-name)
✗ Egypt Best Properties (EBP (biz-name)
✗ Egypt Best Properties (EBP (biz-name)
--- new tab (done 120/317, leads 3) ---
✗ Egypt Best Properties (EBP (biz-name)
✗ Property Hills One (biz-name)
✗ ايه بلاس (biz-name)
✗ Egypt Best Properties (EBP (biz-name)
✗ Egypt Best Properties (EBP (biz-name)
✗ Hassan ELgebaly (ads=58)
✗ Roots Integrated real estate service (biz-name)
✗ trends real estate (biz-name)
✗ Wafaa Ibrahim (ads=7)
✗ Core living - Mountain View (ads=705)
--- new tab (done 130/317, leads 3) ---
✗ a-one real estate (biz-name)
✗ Future Villa (biz-name)
✗ Egypt Best Properties (EBP (biz-name)
✗ Egypt Best Properties (EBP (biz-name)
✗ Egypt Best Properties (EBP (biz-name)
✗ Concept Real Estate (biz-name)
✗ ايه بلاس (biz-name)
✗ ايه بلاس (biz-name)
✗ ايه بلاس (biz-name)
✗ a-one real estate (biz-name)
--- new tab (done 140/317, leads 3) ---
✗ Egypt Best Properties (EBP (biz-name)
✗ ايه بلاس (biz-name)
✗ ايه بلاس (biz-name)
✗ ايه بلاس (biz-name)
✗ ايه بلاس (biz-name)
✗ ايه بلاس (biz-name)
✗ ايه بلاس (biz-name)
✗ ايه بلاس (biz-name)
✗ Home Finder (biz-name)
✗ Mostafa Hamdon (ads=511)
--- new tab (done 150/317, leads 3) ---
✗ Property Hills One (biz-name)
✗ First Move (ads=188)
✗ Property Hills One (biz-name)
✗ Egypt Best Properties (EBP (biz-name)
✗ Egypt Best Properties (EBP (biz-name)
✗ Abd El Rahman Abo Zaid (ads=19)
✗ Real pals (ads=41)
✗ ايه بلاس (biz-name)
✗ ايه بلاس (biz-name)
✗ ايه بلاس (biz-name)
--- new tab (done 160/317, leads 3) ---
✗ ايه بلاس (biz-name)
✗ Apart Investment (biz-name)
✗ Apart Investment (biz-name)
✗ Future Villa (biz-name)
✗ Apart Investment (biz-name)
✗ Egypt Best Properties (EBP (biz-name)
✅ Seif | 01006115795 | 39.0M | ads=1
✗ Egypt Best Properties (EBP (biz-name)
✗ Egypt Best Properties (EBP (biz-name)
✗ Egypt Best Properties (EBP (biz-name)
--- new tab (done 170/317, leads 4) ---
✗ Egypt Best Properties (EBP (biz-name)
✗ ايه بلاس (biz-name)
✗ Egypt Best Properties (EBP (biz-name)
✗ Egypt Best Properties (EBP (biz-name)
✗ Egypt Best Properties (EBP (biz-name)
✗ Egypt Best Properties (EBP (biz-name)
✗ Egypt Best Properties (EBP (biz-name)
✗ Egypt Best Properties (EBP (biz-name)
✗ Egypt Best Properties (EBP (biz-name)
✗ Choice for real estate (biz-name)
--- new tab (done 180/317, leads 4) ---
✗ Egypt Best Properties (EBP (biz-name)
✗ Egypt Best Properties (EBP (biz-name)
✗ Egypt Best Properties (EBP (biz-name)
✗ Apart Investment (biz-name)
✗ Apart Investment (biz-name)
✗ Apart Investment (biz-name)
✗ Inn properties (biz-name)
✗ Egypt Best Properties (EBP (biz-name)
✗ Egypt Best Properties (EBP (biz-name)
✗ Egypt Best Properties (EBP (biz-name)
--- new tab (done 190/317, leads 4) ---
✗ Egypt Best Properties (EBP (biz-name)
✗ Egypt Best Properties (EBP (biz-name)
✗ Y The Brokers (biz-name)
✗ Roots Integrated real estate service (biz-name)
✗ Apart Investment (biz-name)
✗ Egypt Best Properties (EBP (biz-name)
✗ Egypt Best Properties (EBP (biz-name)
✗ ايه بلاس (biz-name)
✗ ايه بلاس (biz-name)
✗ Egypt Best Properties (EBP (biz-name)
--- new tab (done 200/317, leads 4) ---
✗ colombus property (biz-name)
✗ Y The Brokers (biz-name)
✗ Y The Brokers (biz-name)
✗ Apart Investment (biz-name)
✗ Vida Solutions (biz-name)
✗ Egypt Best Properties (EBP (biz-name)
✗ Abstract Investment (biz-name)
✗ Future Villa (biz-name)
✗ Egypt Best Properties (EBP (biz-name)
✗ Egypt Best Properties (EBP (biz-name)
--- new tab (done 210/317, leads 4) ---
✗ Egypt Best Properties (EBP (biz-name)
✗ Apart Investment (biz-name)
✗ Egypt Best Properties (EBP (biz-name)
✗ Egypt Best Properties (EBP (biz-name)
✗ Egypt Best Properties (EBP (biz-name)
✗ Cold Well Banker New Homes: Ola (biz-name)
✗ Egypt Best Properties (EBP (biz-name)
✗ Abrag Four (biz-name)
✗ Concept Real Estate (biz-name)
✗ Egypt Best Properties (EBP (biz-name)
--- new tab (done 220/317, leads 4) ---
✗ Real pals (ads=33)
✗ Reec home (biz-name)
✗ Egypt Best Properties (EBP (biz-name)
✗ Egypt Best Properties (EBP (biz-name)
✗ Coldwell Banker Analista (biz-name)
✗ Concept Real Estate (biz-name)
✗ Egypt Best Properties (EBP (biz-name)
✗ Egypt Best Properties (EBP (biz-name)
✗ Egypt Best Properties (EBP (biz-name)
✗ Roots (ads=268)
--- new tab (done 230/317, leads 4) ---
✗ Egypt Best Properties (EBP (biz-name)
✗ Property Hills (biz-name)
✗ Property Hills One (biz-name)
✗ Property Hills One (biz-name)
✗ Egypt Best Properties (EBP (biz-name)
✗ Egypt Best Properties (EBP (biz-name)
✗ Next nest (ads=15)
✗ Egypt Best Properties (EBP (biz-name)
✗ Egypt Best Properties (EBP (biz-name)
✅ Abdallah Hamed | 01201313070 | 27.5M | ads=3
--- new tab (done 240/317, leads 5) ---
✗ Coldwell Banker Analista (biz-name)
✗ Coldwell Banker Analista (biz-name)
✗ Egypt Best Properties (EBP (biz-name)
✗ Egypt Best Properties (EBP (biz-name)
✗ Egypt Best Properties (EBP (biz-name)
✗ Abd El Rahman Abo Zaid (ads=19)
✗ Abd El Rahman Abo Zaid (ads=19)
✗ Abd El Rahman Abo Zaid (ads=19)
✗ Egypt Best Properties (EBP (biz-name)
✗ ايه بلاس (biz-name)
--- new tab (done 250/317, leads 5) ---
✗ Egypt Best Properties (EBP (biz-name)
✗ Property Hills VIP (biz-name)
✗ Global holding (biz-name)
✗ Future Villa (biz-name)
✗ Egypt Best Properties (EBP (biz-name)
✗ Egypt Best Properties (EBP (biz-name)
✗ Egypt Best Properties (EBP (biz-name)
✗ Egypt Best Properties (EBP (biz-name)
✗ Egypt Best Properties (EBP (biz-name)
✗ Egypt Best Properties (EBP (biz-name)
--- new tab (done 260/317, leads 5) ---
✗ Future Villa (biz-name)
✗ Elegant Homes Real Estate (biz-name)
✗ Ahmed Hosny (ads=34)
✗ Egypt Best Properties (EBP (biz-name)
ERR Navigation timeout of 220
ERR Navigation timeout of 220
ERR TO
ERR TO
ERR TO
ERR TO
--- new tab (done 270/317, leads 5) ---
✗ Expert (ads=52)
✗ العالميه للعقارات (biz-name)
✗ Coldwell Banker Analista (biz-name)
✗ Heritage Property (biz-name)
ERR TO
✗ Property Hills One (biz-name)
✗ Modern Home (biz-name)
✗ العالميه للعقارات (biz-name)
✗ EL Gammal (ads=18)
✗ Egypt Best Properties (EBP (biz-name)
--- new tab (done 280/317, leads 5) ---
✗ Baitak (ads=11)
✗ Mostafa Hamdon (ads=470)
✗ Heritage Property (biz-name)
✗ i zone (ads=351)
✅ GH Elite | 01099588527 | 100.0M | ads=2
✅ GH Elite | 01099588527 | 95.0M | ads=2
✗ يو ار اي (ads=226)
✗ NCH (ads=382)
✗ العالميه للعقارات (biz-name)
✗ Future Group Real-estate (biz-name)
--- new tab (done 290/317, leads 7) ---
✗ العالميه للعقارات (biz-name)
✗ Future Group Real-estate (biz-name)
✅ روان | 01155028591 | 38.0M | ads=1
✗ Prime Residence (ads=13)
✅ Abdallah Hamed | 01201313070 | 50.5M | ads=3
✗ Coldwell Banker Analista (biz-name)
✗ Kayan Real Estate Consulting (biz-name)
✗ Mostafa Hamdon (ads=470)
✗ Coldwell Banker Analista (biz-name)
✗ مدائن العقارية (biz-name)
--- new tab (done 300/317, leads 9) ---
✗ Mrkt Shake (ads=106)
✗ Coldwell Banker Analista (biz-name)
✗ Coldwell Banker Analista (biz-name)
✗ Coldwell Banker Analista (biz-name)
✅ User 8He7Mm | 01551298809 | 62.0M | ads=1
✗ La Plaza Real Estate (biz-name)
✗ Abrag Two (biz-name)
✗ Inn properties (biz-name)
✅ Hajar | 01156469416 | 34.0M | ads=1
✗ Blue (ads=105)
--- new tab (done 310/317, leads 11) ---
✗ دريفن للعقارات (biz-name)
✗ Property Hills (biz-name)
✗ Property Hills (biz-name)
✗ Western House (ads=66)
✗ Property Hills (biz-name)
✗ sidra properties (biz-name)
DONE leads=11
