فيلا الساحل +17 (tot 17)
فيلا الساحل +9 (tot 26)
فيلا الساحل +15 (tot 41)
فيلا الساحل +18 (tot 59)
فيلا الساحل +18 (tot 77)
فيلا الساحل +19 (tot 96)
فيلا الساحل +16 (tot 112)
فيلا الساحل +18 (tot 130)
فيلا الساحل +25 (tot 155)
فيلا الساحل +15 (tot 170)
فيلا الساحل +25 (tot 195)
فيلا الساحل +18 (tot 213)
شاليه الساحل +4 (tot 217)
شاليه الساحل +8 (tot 225)
شاليه الساحل +7 (tot 232)
شاليه الساحل +7 (tot 239)
شاليه الساحل +6 (tot 245)
شاليه الساحل +8 (tot 253)
شاليه الساحل +5 (tot 258)
شاليه الساحل +6 (tot 264)
فيلا القاهرة +4 (tot 268)
فيلا القاهرة +6 (tot 274)
فيلا القاهرة +10 (tot 284)
فيلا القاهرة +9 (tot 293)
فيلا القاهرة +6 (tot 299)
فيلا القاهرة +5 (tot 304)
فيلا الجيزة +3 (tot 307)
فيلا الجيزة +5 (tot 312)
ERR Navigation timeout of 250
فيلا الجيزة +4 (tot 316)
فيلا الجيزة +1 (tot 317)
SAVED urls = 317
