عربية لوكشري +1 (tot 1)
عربية لوكشري +1 (tot 2)
عربية لوكشري +0 (tot 2)
عربية لوكشري +0 (tot 2)
عربية لوكشري +0 (tot 2)
عربية لوكشري +0 (tot 2)
عربية لوكشري +0 (tot 2)
ERR Navigation timeout of 250
إيجار فيلا ساحل +31 (tot 33)
إيجار فيلا ساحل +39 (tot 72)
إيجار فيلا ساحل +42 (tot 114)
إيجار فيلا ساحل +41 (tot 155)
إيجار فيلا ساحل +35 (tot 190)
إيجار فيلا ساحل +30 (tot 220)
إيجار فيلا القاهرة +23 (tot 243)
إيجار فيلا القاهرة +32 (tot 275)
إيجار فيلا القاهرة +31 (tot 306)
إيجار فيلا القاهرة +28 (tot 334)
إيجار فيلا القاهرة +35 (tot 369)
SAVED urls = 369
